// Jest Snapshot v1, https://goo.gl/fbAQLP

exports[`exclude in tsconfig - excludes files correctly 1`] = `1`;

exports[`exclude in tsconfig - excludes files correctly 2`] = `""`;

exports[`exclude in tsconfig - excludes files correctly 3`] = `"appendStdout is not defined"`;

exports[`exclude in tsconfig - excludes files correctly 4`] = `[]`;
