// Jest Snapshot v1, https://goo.gl/fbAQLP

exports[`The first Test - processes file correctly 1`] = `1`;

exports[`The first Test - processes file correctly 2`] = `""`;

exports[`The first Test - processes file correctly 3`] = `"appendStdout is not defined"`;

exports[`The first Test - processes file correctly 4`] = `[]`;
