// Jest Snapshot v1, https://goo.gl/fbAQLP

exports[`grouped imports - processes grouped imports 1`] = `1`;

exports[`grouped imports - processes grouped imports 2`] = `""`;

exports[`grouped imports - processes grouped imports 3`] = `"appendStdout is not defined"`;

exports[`grouped imports - processes grouped imports 4`] = `[]`;
